// Jest Snapshot v1, https://goo.gl/fbAQLP

exports[`SuccessLabel Component Check if component exists or not and capture snapshot 1`] = `
<span
  style={
    Object {
      "color": "#52c41a",
    }
  }
>
  <ForwardRef(CheckCircleOutlined) />
  <span
    style={
      Object {
        "color": "#52c41a",
        "paddingLeft": "5px",
      }
    }
  >
    <FormattedMessage
      id="text"
      values={Object {}}
    />
  </span>
</span>
`;
